// Jest Snapshot v1, https://goo.gl/fbAQLP

exports[`App Should render correctly 1`] = `
ShallowWrapper {
  Symbol(enzyme.__root__): [Circular],
  Symbol(enzyme.__unrendered__): <TicTacToe />,
  Symbol(enzyme.__renderer__): Object {
    "batchedUpdates": [Function],
    "checkPropTypes": [Function],
    "getNode": [Function],
    "render": [Function],
    "simulateError": [Function],
    "simulateEvent": [Function],
    "unmount": [Function],
  },
  Symbol(enzyme.__node__): Object {
    "instance": null,
    "key": undefined,
    "nodeType": "host",
    "props": Object {
      "children": Array [
        <h1
          className="game-title"
        >
          Let's play the tic-tac-toe game!
        </h1>,
        <div
          className="container"
        >
          <TurnHeader
            isPlayerOne={true}
          />
          <Board
            boxes={
              Array [
                null,
                null,
                null,
                null,
                null,
                null,
                null,
                null,
                null,
              ]
            }
            onClick={[Function]}
          />
          <MovesHistory
            goTo={[Function]}
            history={
              Array [
                Object {
                  "boxes": Array [
                    null,
                    null,
                    null,
                    null,
                    null,
                    null,
                    null,
                    null,
                    null,
                  ],
                },
              ]
            }
          />
        </div>,
      ],
      "class": "main",
    },
    "ref": null,
    "rendered": Array [
      Object {
        "instance": null,
        "key": undefined,
        "nodeType": "host",
        "props": Object {
          "children": "Let's play the tic-tac-toe game!",
          "className": "game-title",
        },
        "ref": null,
        "rendered": "Let's play the tic-tac-toe game!",
        "type": "h1",
      },
      Object {
        "instance": null,
        "key": undefined,
        "nodeType": "host",
        "props": Object {
          "children": Array [
            <TurnHeader
              isPlayerOne={true}
            />,
            <Board
              boxes={
                Array [
                  null,
                  null,
                  null,
                  null,
                  null,
                  null,
                  null,
                  null,
                  null,
                ]
              }
              onClick={[Function]}
            />,
            <MovesHistory
              goTo={[Function]}
              history={
                Array [
                  Object {
                    "boxes": Array [
                      null,
                      null,
                      null,
                      null,
                      null,
                      null,
                      null,
                      null,
                      null,
                    ],
                  },
                ]
              }
            />,
          ],
          "className": "container",
        },
        "ref": null,
        "rendered": Array [
          Object {
            "instance": null,
            "key": undefined,
            "nodeType": "function",
            "props": Object {
              "isPlayerOne": true,
            },
            "ref": null,
            "rendered": null,
            "type": [Function],
          },
          Object {
            "instance": null,
            "key": undefined,
            "nodeType": "function",
            "props": Object {
              "boxes": Array [
                null,
                null,
                null,
                null,
                null,
                null,
                null,
                null,
                null,
              ],
              "onClick": [Function],
            },
            "ref": null,
            "rendered": null,
            "type": [Function],
          },
          Object {
            "instance": null,
            "key": undefined,
            "nodeType": "function",
            "props": Object {
              "goTo": [Function],
              "history": Array [
                Object {
                  "boxes": Array [
                    null,
                    null,
                    null,
                    null,
                    null,
                    null,
                    null,
                    null,
                    null,
                  ],
                },
              ],
            },
            "ref": null,
            "rendered": null,
            "type": [Function],
          },
        ],
        "type": "div",
      },
    ],
    "type": "div",
  },
  Symbol(enzyme.__nodes__): Array [
    Object {
      "instance": null,
      "key": undefined,
      "nodeType": "host",
      "props": Object {
        "children": Array [
          <h1
            className="game-title"
          >
            Let's play the tic-tac-toe game!
          </h1>,
          <div
            className="container"
          >
            <TurnHeader
              isPlayerOne={true}
            />
            <Board
              boxes={
                Array [
                  null,
                  null,
                  null,
                  null,
                  null,
                  null,
                  null,
                  null,
                  null,
                ]
              }
              onClick={[Function]}
            />
            <MovesHistory
              goTo={[Function]}
              history={
                Array [
                  Object {
                    "boxes": Array [
                      null,
                      null,
                      null,
                      null,
                      null,
                      null,
                      null,
                      null,
                      null,
                    ],
                  },
                ]
              }
            />
          </div>,
        ],
        "class": "main",
      },
      "ref": null,
      "rendered": Array [
        Object {
          "instance": null,
          "key": undefined,
          "nodeType": "host",
          "props": Object {
            "children": "Let's play the tic-tac-toe game!",
            "className": "game-title",
          },
          "ref": null,
          "rendered": "Let's play the tic-tac-toe game!",
          "type": "h1",
        },
        Object {
          "instance": null,
          "key": undefined,
          "nodeType": "host",
          "props": Object {
            "children": Array [
              <TurnHeader
                isPlayerOne={true}
              />,
              <Board
                boxes={
                  Array [
                    null,
                    null,
                    null,
                    null,
                    null,
                    null,
                    null,
                    null,
                    null,
                  ]
                }
                onClick={[Function]}
              />,
              <MovesHistory
                goTo={[Function]}
                history={
                  Array [
                    Object {
                      "boxes": Array [
                        null,
                        null,
                        null,
                        null,
                        null,
                        null,
                        null,
                        null,
                        null,
                      ],
                    },
                  ]
                }
              />,
            ],
            "className": "container",
          },
          "ref": null,
          "rendered": Array [
            Object {
              "instance": null,
              "key": undefined,
              "nodeType": "function",
              "props": Object {
                "isPlayerOne": true,
              },
              "ref": null,
              "rendered": null,
              "type": [Function],
            },
            Object {
              "instance": null,
              "key": undefined,
              "nodeType": "function",
              "props": Object {
                "boxes": Array [
                  null,
                  null,
                  null,
                  null,
                  null,
                  null,
                  null,
                  null,
                  null,
                ],
                "onClick": [Function],
              },
              "ref": null,
              "rendered": null,
              "type": [Function],
            },
            Object {
              "instance": null,
              "key": undefined,
              "nodeType": "function",
              "props": Object {
                "goTo": [Function],
                "history": Array [
                  Object {
                    "boxes": Array [
                      null,
                      null,
                      null,
                      null,
                      null,
                      null,
                      null,
                      null,
                      null,
                    ],
                  },
                ],
              },
              "ref": null,
              "rendered": null,
              "type": [Function],
            },
          ],
          "type": "div",
        },
      ],
      "type": "div",
    },
  ],
  Symbol(enzyme.__options__): Object {
    "adapter": ReactSixteenAdapter {
      "options": Object {
        "enableComponentDidUpdateOnSetState": true,
        "legacyContextMode": "parent",
        "lifecycles": Object {
          "componentDidUpdate": Object {
            "onSetState": true,
          },
          "getChildContext": Object {
            "calledByRenderer": false,
          },
          "getDerivedStateFromProps": true,
          "getSnapshotBeforeUpdate": true,
          "setState": Object {
            "skipsComponentDidUpdateOnNullish": true,
          },
        },
      },
    },
  },
}
`;
